// Jest Snapshot v1, https://goo.gl/fbAQLP

exports[`Pruebas en <Category /> Debe de mostarrse correctamente el snapshot 1`] = `
<main>
  <header>
    <div
      className=" container container-header"
    >
      <div
        className="logo"
      >
        <figure>
          <a
            onClick={[Function]}
          >
            <span
              className="logo-desk"
            >
              MEMORAMA
            </span>
            <span
              className="logo-mobile"
            >
              M
            </span>
             
          </a>
        </figure>
      </div>
      <nav>
        <div
          className="nav-left"
        />
        <div
          className="nav-right"
        >
          <div
            className="nav-list"
          >
            <ul>
              <li>
                <button
                  onClick={[Function]}
                >
                  Inicio
                </button>
              </li>
              <li>
                <a
                  aria-current={null}
                  onClick={[Function]}
                >
                  Ranking
                </a>
              </li>
            </ul>
          </div>
        </div>
      </nav>
    </div>
  </header>
  <section
    className="form top-bottom-space"
  >
    <div
      className="container"
    >
      <section
        className="section-format col"
      >
        <form>
          <div
            className="field "
          >
            <label>
              Selecciona un tema
            </label>
            <div
              className="select-simple"
            >
              <div
                className="select-simple__container"
              >
                <select
                  name="categoryCombo"
                  onChange={[Function]}
                  value=""
                >
                  <option
                    value=""
                  >
                    Seleccionar
                  </option>
                  <option
                    value="cats"
                  >
                    Gatos
                  </option>
                  <option
                    value="dogs"
                  >
                    Perros
                  </option>
                  <option
                    value="other"
                  >
                    Otro
                  </option>
                </select>
              </div>
            </div>
          </div>
        </form>
      </section>
    </div>
  </section>
</main>
`;
