// Jest Snapshot v1, https://goo.gl/fbAQLP

exports[`Pruebas en <Ranking /> Debe de pintarse el listado del ranking 1`] = `
<main>
  <header>
    <div
      className=" container container-header"
    >
      <div
        className="logo"
      >
        <figure>
          <a
            onClick={[Function]}
          >
            <span
              className="logo-desk"
            >
              MEMORAMA
            </span>
            <span
              className="logo-mobile"
            >
              M
            </span>
             
          </a>
        </figure>
      </div>
      <nav>
        <div
          className="nav-left"
        />
        <div
          className="nav-right"
        >
          <div
            className="nav-list"
          >
            <ul>
              <li>
                <button
                  onClick={[Function]}
                >
                  Inicio
                </button>
              </li>
              <li>
                <a
                  aria-current={null}
                  onClick={[Function]}
                >
                  Ranking
                </a>
              </li>
            </ul>
          </div>
        </div>
      </nav>
    </div>
  </header>
  <div
    className="ranking-container"
  >
    <div
      className="list-block"
      key="1"
    >
      <div
        className="list-item"
      >
        <div
          className="left-content"
        >
          <div
            className="block-icon }"
          >
            <img
              alt="avatar"
              src="witch.png"
            />
          </div>
          <div
            className="text-block"
          >
            <h4>
              juan
            </h4>
            <p>
              00:01:20
            </p>
          </div>
        </div>
        <div
          className="right-content"
        >
          <h3>
            1000
          </h3>
        </div>
      </div>
    </div>
    <div
      className="list-block"
      key="2"
    >
      <div
        className="list-item"
      >
        <div
          className="left-content"
        >
          <div
            className="block-icon }"
          >
            <img
              alt="avatar"
              src="dracula.png"
            />
          </div>
          <div
            className="text-block"
          >
            <h4>
              beto
            </h4>
            <p>
              00:02:20
            </p>
          </div>
        </div>
        <div
          className="right-content"
        >
          <h3>
            800
          </h3>
        </div>
      </div>
    </div>
  </div>
</main>
`;
